 
****************************************
Report : area
Design : low_power_block
Version: W-2024.09-SP3
Date   : Wed Sep 16 19:19:58 2026
****************************************

Library(s) Used:

    asap7sc7p5t_SIMPLE_RVT_TT_08302018 (File: /home/UFAD/deepesh.kaira/Prime_time_UPF/lib/asap7_db/asap7sc7p5t_SIMPLE_RVT_TT_08302018.db)
    asap7sc7p5t_INVBUF_RVT_TT_08302018 (File: /home/UFAD/deepesh.kaira/Prime_time_UPF/lib/asap7_db/asap7sc7p5t_INVBUF_RVT_TT_08302018.db)
    asap7sc7p5t_OA_RVT_TT_08302018 (File: /home/UFAD/deepesh.kaira/Prime_time_UPF/lib/asap7_db/asap7sc7p5t_OA_RVT_TT_08302018.db)
    asap7sc7p5t_SEQ_RVT_TT_08302018 (File: /home/UFAD/deepesh.kaira/Prime_time_UPF/lib/asap7_db/asap7sc7p5t_SEQ_RVT_TT_08302018.db)

Number of ports:                           19
Number of nets:                            49
Number of cells:                           38
Number of combinational cells:             29
Number of sequential cells:                 9
Number of macros/black boxes:               0
Number of buf/inv:                         11
Number of references:                       7

Combinational area:                 26.127360
Buf/Inv area:                        7.698240
Noncombinational area:              52.021440
Macro/Black Box area:                0.000000
Net Interconnect area:      undefined  (No wire load specified)

Total cell area:                    78.148800
Total area:                 undefined

Hierarchical area distribution
------------------------------

                                  Global cell area          Local cell area
                                  ------------------  --------------------------- 
Hierarchical cell                 Absolute   Percent  Combi-    Noncombi-  Black-
                                  Total      Total    national  national   boxes   Design
--------------------------------  ---------  -------  --------  ---------  ------  ---------
low_power_block                     78.1488    100.0   26.1274    52.0214  0.0000  low_power_block
--------------------------------  ---------  -------  --------  ---------  ------  ---------
Total                                                  26.1274    52.0214  0.0000

1
