 
****************************************
Report : reference
Design : low_power_block
Version: W-2024.09-SP3
Date   : Wed Sep 16 19:19:58 2026
****************************************

Attributes:
    b - black box (unknown)
   bo - allows boundary optimization
    d - dont_touch
   mo - map_only
    h - hierarchical
    n - noncombinational
    r - removable
    s - synthetic operator
    u - contains unmapped logic

Reference          Library       Unit Area   Count    Total Area   Attributes
-----------------------------------------------------------------------------
ASYNC_DFFHx1_ASAP7_75t_R
                   asap7sc7p5t_SEQ_RVT_TT_08302018
                                  6.065280       8     48.522240  n
DLLx1_ASAP7_75t_R  asap7sc7p5t_SEQ_RVT_TT_08302018
                                  3.499200       1      3.499200  n
INVxp33_ASAP7_75t_R
                   asap7sc7p5t_INVBUF_RVT_TT_08302018
                                  0.699840      11      7.698240  
NAND2xp33_ASAP7_75t_R
                   asap7sc7p5t_SIMPLE_RVT_TT_08302018
                                  0.933120       8      7.464960  
NOR2xp33_ASAP7_75t_R
                   asap7sc7p5t_SIMPLE_RVT_TT_08302018
                                  0.933120       1      0.933120  
OAI21xp33_ASAP7_75t_R
                   asap7sc7p5t_OA_RVT_TT_08302018
                                  1.166400       8      9.331200  
TIELOx1_ASAP7_75t_R
                   asap7sc7p5t_SIMPLE_RVT_TT_08302018
                                  0.699840       1      0.699840  
-----------------------------------------------------------------------------
Total 7 references                                     78.148800
1
