 
****************************************
Report : reference
Design : low_power_block
Version: W-2024.09-SP3
Date   : Tue Sep 15 23:49:57 2026
****************************************

Attributes:
    b - black box (unknown)
   bo - allows boundary optimization
    d - dont_touch
   mo - map_only
    h - hierarchical
    n - noncombinational
    r - removable
    s - synthetic operator
    u - contains unmapped logic

Reference          Library       Unit Area   Count    Total Area   Attributes
-----------------------------------------------------------------------------
ASYNC_DFFHx1_ASAP7_75t_R
                   asap7sc7p5t_SEQ_RVT_TT_08302018
                                  6.065280       8     48.522240  n
INVxp33_ASAP7_75t_R
                   asap7sc7p5t_INVBUF_RVT_TT_08302018
                                  0.699840       2      1.399680  
NAND2xp33_ASAP7_75t_R
                   asap7sc7p5t_SIMPLE_RVT_TT_08302018
                                  0.933120       8      7.464960  
NOR2xp33_ASAP7_75t_R
                   asap7sc7p5t_SIMPLE_RVT_TT_08302018
                                  0.933120       8      7.464960  
OAI21xp33_ASAP7_75t_R
                   asap7sc7p5t_OA_RVT_TT_08302018
                                  1.166400       8      9.331200  
TIELOx1_ASAP7_75t_R
                   asap7sc7p5t_SIMPLE_RVT_TT_08302018
                                  0.699840       1      0.699840  
-----------------------------------------------------------------------------
Total 6 references                                     74.882880
1
