 
****************************************
Report : area
Design : low_power_block
Version: W-2024.09-SP3
Date   : Tue Sep 15 23:49:57 2026
****************************************

Library(s) Used:

    asap7sc7p5t_SIMPLE_RVT_TT_08302018 (File: /home/UFAD/deepesh.kaira/Prime_time_UPF/lib/asap7_db/asap7sc7p5t_SIMPLE_RVT_TT_08302018.db)
    asap7sc7p5t_INVBUF_RVT_TT_08302018 (File: /home/UFAD/deepesh.kaira/Prime_time_UPF/lib/asap7_db/asap7sc7p5t_INVBUF_RVT_TT_08302018.db)
    asap7sc7p5t_OA_RVT_TT_08302018 (File: /home/UFAD/deepesh.kaira/Prime_time_UPF/lib/asap7_db/asap7sc7p5t_OA_RVT_TT_08302018.db)
    asap7sc7p5t_SEQ_RVT_TT_08302018 (File: /home/UFAD/deepesh.kaira/Prime_time_UPF/lib/asap7_db/asap7sc7p5t_SEQ_RVT_TT_08302018.db)

Number of ports:                           19
Number of nets:                            46
Number of cells:                           35
Number of combinational cells:             27
Number of sequential cells:                 8
Number of macros/black boxes:               0
Number of buf/inv:                          2
Number of references:                       6

Combinational area:                 26.360640
Buf/Inv area:                        1.399680
Noncombinational area:              48.522240
Macro/Black Box area:                0.000000
Net Interconnect area:      undefined  (No wire load specified)

Total cell area:                    74.882880
Total area:                 undefined

Hierarchical area distribution
------------------------------

                                  Global cell area          Local cell area
                                  ------------------  --------------------------- 
Hierarchical cell                 Absolute   Percent  Combi-    Noncombi-  Black-
                                  Total      Total    national  national   boxes   Design
--------------------------------  ---------  -------  --------  ---------  ------  ---------
low_power_block                     74.8829    100.0   26.3606    48.5222  0.0000  low_power_block
--------------------------------  ---------  -------  --------  ---------  ------  ---------
Total                                                  26.3606    48.5222  0.0000

1
