Information: Updating design information... (UID-85)
 
****************************************
Report : qor
Design : low_power_block
Version: W-2024.09-SP3
Date   : Tue Sep 15 23:49:57 2026
****************************************


  Timing Path Group 'clk'
  -----------------------------------
  Levels of Logic:               2.00
  Critical Path Length:         49.23
  Critical Path Slack:        7850.77
  Critical Path Clk Period:  10000.00
  Total Negative Slack:          0.00
  No. of Violating Paths:        0.00
  Worst Hold Violation:        -39.62
  Total Hold Violation:       -316.94
  No. of Hold Violations:        8.00
  -----------------------------------


  Cell Count
  -----------------------------------
  Hierarchical Cell Count:          0
  Hierarchical Port Count:          0
  Leaf Cell Count:                 35
  Buf/Inv Cell Count:               2
  Buf Cell Count:                   0
  Inv Cell Count:                   2
  CT Buf/Inv Cell Count:            0
  Combinational Cell Count:        27
  Sequential Cell Count:            8
  Macro Count:                      0
  -----------------------------------


  Area
  -----------------------------------
  Combinational Area:       26.360640
  Noncombinational Area:    48.522240
  Buf/Inv Area:              1.399680
  Total Buffer Area:             0.00
  Total Inverter Area:           1.40
  Macro/Black Box Area:      0.000000
  Net Area:                  0.000000
  -----------------------------------
  Cell Area:                74.882880
  Design Area:              74.882880


  Design Rules
  -----------------------------------
  Total Number of Nets:            46
  Nets With Violations:             0
  Max Trans Violations:             0
  Max Cap Violations:               0
  -----------------------------------


  Hostname: ece-fsi-r430

  Compile CPU Statistics
  -----------------------------------------
  Resource Sharing:                    0.01
  Logic Optimization:                  0.12
  Mapping Optimization:                0.95
  -----------------------------------------
  Overall Compile Time:              129.58
  Overall Compile Wall Clock Time:   130.92

  --------------------------------------------------------------------

  Design  WNS: 0.00  TNS: 0.00  Number of Violating Paths: 0


  Design (Hold)  WNS: 39.62  TNS: 316.94  Number of Violating Paths: 8

  --------------------------------------------------------------------


1
